---
source: crates/zeph-tui/src/widgets/splash.rs
expression: output
---
┌──────────────────────────────────────────────────────────┐
│                                                          │
│                                                          │
│                                                          │
│                                                          │
│              ███████╗███████╗██████╗ ██╗  ██╗            │
│              ╚══███╔╝██╔════╝██╔══██╗██║  ██║            │
│                ███╔╝ █████╗  ██████╔╝███████║            │
│               ███╔╝  ██╔══╝  ██╔═══╝ ██╔══██║            │
│              ███████╗███████╗██║     ██║  ██║            │
│              ╚══════╝╚══════╝╚═╝     ╚═╝  ╚═╝            │
│                                                          │
│                          v0.11.1                         │
│                                                          │
│                  Type a message to start.                │
│                                                          │
│                                                          │
│                                                          │
│                                                          │
└──────────────────────────────────────────────────────────┘
