---
source: crates/zeph-tui/src/widgets/file_picker.rs
expression: output
---
                                                            
                                                            
                                                            
                                                            
                                                            
                                                            
                                                            
                                                            
                                                            
                                                            
                                                            
┌ Files ───────────────────────────────────────────────────┐
│> main                                                    │
│> src/main.rs                                             │
└──────────────────────────────────────────────────────────┘
